{"nodes":[{"id":"asv-app","label":"asv-app"},{"id":"asv-bastion","label":"asv-bastion"},{"id":"*","label":"*"},{"id":"asv-db","label":"asv-db"},{"id":"asv-solr","label":"asv-solr"},{"id":"default","label":"default"}],"edges":[{"id":"asv-bastion-asv-app","source":"asv-bastion","target":"asv-app","label":"22/tcp"},{"id":"*-asv-app","source":"*","target":"asv-app","label":"80/tcp"},{"id":"*-asv-bastion","source":"*","target":"asv-bastion","label":"22/tcp"},{"id":"asv-app-asv-db","source":"asv-app","target":"asv-db","label":"5432/tcp"},{"id":"asv-bastion-asv-db","source":"asv-bastion","target":"asv-db","label":"22/tcp"},{"id":"asv-app-asv-solr","source":"asv-app","target":"asv-solr","label":"8983/tcp"},{"id":"asv-bastion-asv-solr","source":"asv-bastion","target":"asv-solr","label":"22/tcp"},{"id":"default-default","source":"default","target":"default","label":"*"},{"id":"*-default","source":"*","target":"default","label":"22/tcp"},{"id":"default-*","source":"default","target":"*","label":"*"}]}